// Jest Snapshot v1, https://goo.gl/fbAQLP

exports[`App component renders App 1`] = `
<DocumentFragment>
  <form>
    <input
      placeholder="Title"
      type="text"
      value=""
    />
    <input
      placeholder="Body"
      type="body"
      value=""
    />
    <button>
      Create Post
    </button>
  </form>
  <ul />
</DocumentFragment>
`;
